// Jest Snapshot v1, https://goo.gl/fbAQLP

exports[`Navbar matches snapshot 1`] = `
<div>
  <header
    class="ch-navbar"
  >
    <div
      class="ch-container"
    >
      <div
        class="ch-row"
      >
        <div
          class="xs:ch-col--12 sm:ch-col--3"
        >
          <a
            class="ch-navbar__title"
            href="/"
          >
            hello there
          </a>
        </div>
      </div>
    </div>
  </header>
</div>
`;
